//---------------------------------------------------------------------------
// File name:   imports.lst
// Description: Used to generate code for IRX function imports
//---------------------------------------------------------------------------

#ifdef SIO_DEBUG
sior_IMPORTS_start
I_sio_init
I_sio_printf
sior_IMPORTS_end
#endif

loadcore_IMPORTS_start
I_RegisterLibraryEntries
I_ReleaseLibraryEntries
I_GetLoadcoreInternalData
loadcore_IMPORTS_end

intrman_IMPORTS_start
I_CpuEnableIntr
I_CpuSuspendIntr
I_CpuResumeIntr
intrman_IMPORTS_end

#ifdef BUILDING_XMCSERV
xmcman_IMPORTS_start
I_McDetectCard
I_McOpen
I_McClose
I_McRead
I_McWrite
I_McSeek
I_McFormat
I_McGetDir
I_McDelete
I_McFlush
I_McChDir
I_McSetFileInfo
I_McEraseBlock
I_McReadPage
I_McWritePage
I_McDataChecksum
I_McReplaceBadBlock
I_McReadPS1PDACard
I_McWritePS1PDACard
I_McUnformat
I_McRetOnly
I_McGetFreeClusters
I_McGetMcType
I_McSetPS1CardFlag
I_McDetectCard2
I_McGetFormat
I_McGetEntSpace
I_McGetModuleInfo
I_McCheckBlock
xmcman_IMPORTS_end
#else
mcman_IMPORTS_start
I_McDetectCard
I_McOpen
I_McClose
I_McRead
I_McWrite
I_McSeek
I_McFormat
I_McGetDir
I_McDelete
I_McFlush
I_McChDir
I_McSetFileInfo
I_McEraseBlock
I_McReadPage
I_McWritePage
I_McDataChecksum
I_McReplaceBadBlock
I_McReadPS1PDACard
I_McWritePS1PDACard
I_McUnformat
I_McRetOnly
I_McGetFreeClusters
I_McGetMcType
I_McSetPS1CardFlag
mcman_IMPORTS_end
#endif

sysclib_IMPORTS_start
I_memcpy
I_memset
sysclib_IMPORTS_end

sifman_IMPORTS_start
I_sceSifInit
I_sceSifSetDma
I_sceSifDmaStat
I_sceSifCheckInit
sifman_IMPORTS_end

sifcmd_IMPORTS_start
I_sceSifInitRpc
I_sceSifRegisterRpc
I_sceSifSetRpcQueue
I_sceSifRpcLoop
I_sceSifGetOtherData
I_sceSifRemoveRpc
I_sceSifRemoveRpcQueue
sifcmd_IMPORTS_end

thbase_IMPORTS_start
I_CreateThread
I_StartThread
I_GetThreadId
I_DelayThread
I_TerminateThread
I_DeleteThread
thbase_IMPORTS_end

stdio_IMPORTS_start
I_printf
stdio_IMPORTS_end

//---------------------------------------------------------------------------
// End of file: imports.lst
//---------------------------------------------------------------------------
