
netdev_IMPORTS_start
I_sceInetRegisterNetDevice
I_sceInetUnregisterNetDevice
I_sceInetAllocMem
I_sceInetFreeMem
I_sceInetPktEnQ
I_sceInetPktDeQ
I_sceInetAllocPkt
I_sceInetFreePkt
netdev_IMPORTS_end

usbd_IMPORTS_start
I_sceUsbdRegisterLdd
I_sceUsbdUnregisterLdd
I_sceUsbdScanStaticDescriptor
I_sceUsbdSetPrivateData
I_sceUsbdGetPrivateData
I_sceUsbdOpenPipe
I_sceUsbdTransferPipe
I_sceUsbdOpenPipeAligned
I_sceUsbdGetDeviceLocation
usbd_IMPORTS_end

intrman_IMPORTS_start
I_CpuSuspendIntr
I_CpuResumeIntr
intrman_IMPORTS_end

stdio_IMPORTS_start
I_printf
stdio_IMPORTS_end

sysclib_IMPORTS_start
I_look_ctype_table
I_sprintf
I_strcmp
I_strncmp
I_strtol
I_memset
I_memcpy
sysclib_IMPORTS_end

thbase_IMPORTS_start
I_CreateThread
I_DeleteThread
I_StartThread
I_TerminateThread
I_ChangeThreadPriority
I_DelayThread
I_SetAlarm
I_CancelAlarm
I_USec2SysClock
thbase_IMPORTS_end

thevent_IMPORTS_start
I_CreateEventFlag
I_DeleteEventFlag
I_SetEventFlag
I_WaitEventFlag
thevent_IMPORTS_end

loadcore_IMPORTS_start
I_RegisterLibraryEntries
I_ReleaseLibraryEntries
loadcore_IMPORTS_end
