
#ifdef BUILDING_RMMAN2
#ifdef BUILDING_RMMANX
iomanX_IMPORTS_start
I_iomanX_devctl
iomanX_IMPORTS_end
#else
cdvdman_IMPORTS_start
I_sceCdApplySCmd
cdvdman_IMPORTS_end
#endif
#endif

intrman_IMPORTS_start
I_CpuSuspendIntr
I_CpuResumeIntr
intrman_IMPORTS_end

loadcore_IMPORTS_start
I_RegisterLibraryEntries
loadcore_IMPORTS_end

stdio_IMPORTS_start
I_printf
stdio_IMPORTS_end

thbase_IMPORTS_start
I_CreateThread
I_DeleteThread
I_StartThread
I_ExitThread
I_GetThreadId
thbase_IMPORTS_end

thevent_IMPORTS_start
I_CreateEventFlag
I_DeleteEventFlag
I_SetEventFlag
I_WaitEventFlag
I_ReferEventFlagStatus
thevent_IMPORTS_end

sifman_IMPORTS_start
I_sceSifInit
I_sceSifCheckInit
I_sceSifSetDma
sifman_IMPORTS_end

sifcmd_IMPORTS_start
I_sceSifInitRpc
I_sceSifRegisterRpc
I_sceSifSetRpcQueue
I_sceSifRpcLoop
sifcmd_IMPORTS_end

#ifndef BUILDING_RMMAN2
rsio2man_IMPORTS_start
I_sio2_rm_transfer_init
I_sio2_transfer
I_sio2_transfer_reset
rsio2man_IMPORTS_end
#endif

vblank_IMPORTS_start
I_WaitVblankStart
vblank_IMPORTS_end
