
#ifdef APA_USE_ATAD
atad_IMPORTS_start
I_sceAtaInit
I_sceAtaDmaTransfer
I_sceAtaSecurityUnLock
I_sceAtaIdle
I_sceAtaGetSceId
I_sceAtaSmartReturnStatus
I_sceAtaSmartSaveAttr
I_sceAtaFlushCache
I_sceAtaIdleImmediate
atad_IMPORTS_end
#endif

#ifdef APA_USE_BDM
bdm_IMPORTS_start
I_bdm_connect_fs
I_bdm_disconnect_fs
bdm_IMPORTS_end
#endif

cdvdman_IMPORTS_start
I_sceCdReadClock
I_sceCdRI
cdvdman_IMPORTS_end

#ifdef APA_USE_DEV9
dev9_IMPORTS_start
I_dev9Shutdown
I_dev9RegisterShutdownCb
dev9_IMPORTS_end
#endif

intrman_IMPORTS_start
I_CpuSuspendIntr
I_CpuResumeIntr
intrman_IMPORTS_end

iomanX_IMPORTS_start
I_iomanX_AddDrv
I_iomanX_DelDrv
#ifdef APA_USE_IOMANX
I_iomanX_open
I_iomanX_close
I_iomanX_read
I_iomanX_write
I_iomanX_lseek64
#endif
iomanX_IMPORTS_end

stdio_IMPORTS_start
I_printf
stdio_IMPORTS_end

sysclib_IMPORTS_start
I_memcmp
I_memcpy
I_memset
I_strchr
I_strcmp
I_strcpy
I_strlen
I_strncmp
I_strncpy
I_strrchr
I_strtol
sysclib_IMPORTS_end

sysmem_IMPORTS_start
I_AllocSysMemory
I_FreeSysMemory
sysmem_IMPORTS_end

thbase_IMPORTS_start
I_DelayThread
thbase_IMPORTS_end

thsemap_IMPORTS_start
I_CreateSema
I_DeleteSema
I_SignalSema
I_WaitSema
thsemap_IMPORTS_end
